# distance=5 rounds=5 p=0.001 shots=100000 seed=42
# shot	predicted	observed	faults (site_uid:outcome_index:label)
672	1	0	135:1:X	241:13:ZX	242:1:IX
1417	0	1	368:9:YX	502:14:ZY	652:1:X
1771	1	0	242:13:ZX	366:9:YX
3870	1	0	574:8:YI	608:1:IX
12785	0	1	619:8:YI	676:1:X
14015	1	0	572:7:XZ	575:2:IY
14173	1	0	33:1:X	163:1:Z	457:6:XY	572:10:YY
23246	1	0	78:7:XZ	191:6:XY	435:15:ZZ
25374	1	0	470:9:YX	494:7:XZ
25691	0	1	314:11:YZ	446:9:YX
28432	0	1	574:7:XZ	688:1:X
36734	0	1	179:7:XZ	363:11:YZ	480:6:XY
38341	1	0	454:8:YI	461:5:XX
39734	1	0	59:1:IX	238:11:YZ	242:13:ZX
41342	1	0	335:4:XI	371:5:XX
44948	1	0	238:6:XY	320:9:YX
46108	1	0	223:14:ZY	340:7:XZ	494:10:YY
47893	0	1	465:8:YI	491:7:XZ
49217	1	0	250:9:YX	455:11:YZ	487:1:IX
50591	0	1	332:7:XZ	390:1:X	446:8:YI	469:10:YY
51829	1	0	217:4:XI	359:11:YZ
53380	1	0	501:2:IY	667:1:X	673:1:X
57316	1	0	333:11:YZ	572:9:YX
61717	1	0	485:11:YZ	499:5:XX
64029	0	1	129:1:X	244:9:YX	250:2:IY
67397	0	1	112:5:XX	256:10:YY	470:10:YY
68901	1	0	371:5:XX	442:13:ZX
70015	1	0	351:1:IX	497:4:XI	505:6:XY
70250	0	1	238:10:YY	242:8:YI	619:14:ZY
70471	1	0	230:13:ZX	234:11:YZ
71944	1	0	243:5:XX	367:8:YI
74688	1	0	42:1:X	110:5:XX	675:1:X
78130	1	0	613:13:ZX	618:7:XZ
79709	0	1	244:5:XX	444:9:YX
80601	1	0	342:5:XX	445:4:XI
81665	1	0	243:10:YY	358:10:YY	614:7:XZ
84500	0	1	320:6:XY	364:9:YX	436:7:XZ	550:1:X
85222	1	0	320:7:XZ	357:8:YI
